<html>
<body>
<pre>
<h1>礦ision Build Log</h1>
<h2>Project:</h2>
E:\NB的东西\2016TI杯省赛\省赛准备——小车程序（VCT6）\2016杯省赛最终程序\RVMDK\V1\Project\Pro\RS422_MODULE.uvproj
Project File Date:  07/28/2016

<h2>Output:</h2>
Build target 'RS422'
compiling main.c...
compiling stm32f10x_it.c...
compiling output.c...
compiling stm32f10x_gpio.c...
compiling stm32f10x_rcc.c...
compiling stm32f10x_usart.c...
compiling misc.c...
assembling startup_stm32f10x_hd.s...
compiling core_cm3.c...
compiling system_stm32f10x.c...
linking...
Program Size: Code=15484 RO-data=336 RW-data=12 ZI-data=1028  
FromELF: creating hex file...
"..\OBJ\RS422_MODULE.axf" - 0 Error(s), 0 Warning(s).
</pre>
</body>
</html>
