<html>
<body>
<pre>
<h1>礦ision Build Log</h1>
<h2>Project:</h2>
F:\学习\机器人\工程模板f1\Project\Pro\project.uvproj
Project File Date:  10/20/2015

<h2>Output:</h2>
Build target 'Target 1'
linking...
Program Size: Code=816 RO-data=268 RW-data=20 ZI-data=1636  
FromELF: creating hex file...
"..\Obj\project.axf" - 0 Error(s), 0 Warning(s).
</pre>
</body>
</html>
up_stm32f10x_md.s...
compiling core_cm3.c...
compiling system_stm32f10x.c...
linking...
..\Obj\project.axf: error: L6031U: Could not open scatter description file ..\Obj\project.sct: No such file or directory
Not enough information to list image symbols.
Not enough information to list the image map.
Finished: 2 information, 0 warning, 0 error and 1 fatal error messages.
"..\Obj\project.axf" - 1 Error(s), 0 Warning(s).
Target not created
